// Vitest Snapshot v1, https://vitest.dev/guide/snapshot.html

exports[`can generate script 1`] = `"window.SP_PAYWALL = {"flags":{"paywall":true,"tracking":true},"freeLimit":{"interval":7,"quota":1},"paywallTrigger":{"type":"viewport","value":0.45},"pathPattern":null,"all":false,"clientId":"client_id","logo":"","title":"Test","description":"","primaryColor":"rgb(29 78 216)","dismissible":false};function insertScript(u) {let s=document.createElement('script');s.type='module';s.src=u;document.head.append(s);}insertScript('https://assets.stori.press/storipress/leaky-paywall.min.js?v=0.0.0-test');if (window.location.search.includes('sp_debug=true')) {insertScript('https://assets.stori.press/storipress/leaky-paywall-debug.min.js?v=0.0.0-test');}"`;
